// Jest Snapshot v1, https://goo.gl/fbAQLP

exports[`snapshot 1`] = `
<div
  className="main"
>
  <div
    className="search"
  >
    <h2>
      Search for Github Users:
    </h2>
    <div
      className="ui action input left icon center"
    >
      <input
        data-testid="username-input"
        onChange={[Function]}
        onKeyDown={[Function]}
        placeholder="Search users..."
        style={
          Object {
            "marginLeft": "0.4rem",
          }
        }
        type="text"
        value=""
      />
      <i
        className="large users icon"
      />
      <button
        className="ui button"
        data-testid="search-btn"
        id="searchBtn"
        onClick={[Function]}
      >
        Search
      </button>
    </div>
  </div>
  <div
    className="ui items"
  />
  <div
    className="repos-button"
  >
    <div
      className="ui items"
    >
      <a
        href="/repos"
        onClick={[Function]}
      >
        <button
          className="ui primary button"
        >
          Popular Repos
        </button>
        </a>
      <div
        className="topics"
        style={
          Object {
            "textAlign": "center",
          }
        }
      >
        <i
          className="fab fa-js-square fa-4x"
          onClick={[Function]}
          style={
            Object {
              "backgroundColor": false,
              "color": false,
            }
          }
        />
        <i
          className="fab fa-java fa-4x"
          onClick={[Function]}
          style={
            Object {
              "backgroundColor": false,
              "color": false,
            }
          }
        />
        <i
          className="fab fa-android fa-4x"
          onClick={[Function]}
          style={
            Object {
              "backgroundColor": false,
              "color": false,
            }
          }
        />
        <i
          className="fab fa-php fa-4x"
          onClick={[Function]}
          style={
            Object {
              "backgroundColor": false,
              "color": false,
            }
          }
        />
        <i
          className="fab fa-node fa-4x"
          onClick={[Function]}
          style={
            Object {
              "backgroundColor": false,
              "color": false,
            }
          }
        />
        <i
          className="fab fa-python fa-4x"
          onClick={[Function]}
          style={
            Object {
              "backgroundColor": false,
              "color": false,
            }
          }
        />
      </div>
      
    </div>
  </div>
</div>
`;
