// Jest Snapshot v1, https://goo.gl/fbAQLP

exports[`snapshot 1`] = `
<div
  className="item"
  id="String"
  style={
    Object {
      "backgroundColor": "#fafafa",
      "boxShadow": "0.2rem 0.2rem 0.2rem rgba(0,0,0,.35)",
      "margin": "1rem",
      "padding": "0.8rem",
      "width": "95%",
    }
  }
>
  <div
    className="ui small image"
  >
    <img
      alt="User avatar"
      src="string"
    />
  </div>
  <div
    className="middle aligned content"
  >
    <div
      className="header"
    >
      String
      <br />
      String
    </div>
    <div
      className="description"
    >
      <p>
        string
      </p>
    </div>
    <div
      className="extra"
      style={
        Object {
          "color": "#A0A0A0",
        }
      }
    >
      <span>
        Location:
      </span>
      string
      <p
        style={
          Object {
            "color": "#FF1493",
          }
        }
      >
        Availble for job offers
      </p>
    </div>
    <div
      className="extra content"
    >
      <span>
        <i
          className="star icon"
        />
        2,000
         Stargazers
      </span>
      <span>
        <i
          className="users icon"
        />
        2,000
         Followers
      </span>
      <span>
        <i
          className="file code outline icon"
        />
        2,000
         Repos
      </span>
      <div
        className="ui right floated"
      >
        <a
          href="/details/String"
          onClick={[Function]}
        >
          <button
            className="ui primary button"
          >
            More Info
          </button>
        </a>
        <button
          className="ui button"
          onClick={[Function]}
        >
          Discard
        </button>
      </div>
    </div>
  </div>
</div>
`;
